[    0.000000] Linux version 4.15.0-109-generic (buildd@lgw01-amd64-010) (gcc version 7.5.0 (Ubuntu 7.5.0-3ubuntu1~18.04)) #110-Ubuntu SMP Tue Jun 23 02:39:32 UTC 2020 (Ubuntu 4.15.0-109.110-generic 4.15.18)
[    0.000000] Command line: BOOT_IMAGE=/boot/vmlinuz-4.15.0-109-generic root=LABEL=cloudimg-rootfs ro console=tty1 console=ttyS0
[    0.000000] KERNEL supported cpus:
[    0.000000]   Intel GenuineIntel
[    0.000000]   AMD AuthenticAMD
[    0.000000]   Centaur CentaurHauls
[    0.000000] x86/fpu: Supporting XSAVE feature 0x001: 'x87 floating point registers'
[    0.000000] x86/fpu: Supporting XSAVE feature 0x002: 'SSE registers'
[    0.000000] x86/fpu: Supporting XSAVE feature 0x004: 'AVX registers'
[    0.000000] x86/fpu: xstate_offset[2]:  576, xstate_sizes[2]:  256
[    0.000000] x86/fpu: Enabled xstate features 0x7, context size is 832 bytes, using 'standard' format.
[    0.000000] e820: BIOS-provided physical RAM map:
[    0.000000] BIOS-e820: [mem 0x0000000000000000-0x000000000009fbff] usable
[    0.000000] BIOS-e820: [mem 0x000000000009fc00-0x000000000009ffff] reserved
[    0.000000] BIOS-e820: [mem 0x00000000000f0000-0x00000000000fffff] reserved
[    0.000000] BIOS-e820: [mem 0x0000000000100000-0x000000003ffeffff] usable
[    0.000000] BIOS-e820: [mem 0x000000003fff0000-0x000000003fffffff] ACPI data
[    0.000000] BIOS-e820: [mem 0x00000000fec00000-0x00000000fec00fff] reserved
[    0.000000] BIOS-e820: [mem 0x00000000fee00000-0x00000000fee00fff] reserved
[    0.000000] BIOS-e820: [mem 0x00000000fffc0000-0x00000000ffffffff] reserved
[    0.000000] NX (Execute Disable) protection: active
[    0.000000] SMBIOS 2.5 present.
[    0.000000] DMI: innotek GmbH VirtualBox/VirtualBox, BIOS VirtualBox 12/01/2006
[    0.000000] Hypervisor detected: KVM
[    0.000000] e820: last_pfn = 0x3fff0 max_arch_pfn = 0x400000000
[    0.000000] MTRR: Disabled
[    0.000000] x86/PAT: MTRRs disabled, skipping PAT initialization too.
[    0.000000] CPU MTRRs all blank - virtualized system.
[    0.000000] x86/PAT: Configuration [0-7]: WB  WT  UC- UC  WB  WT  UC- UC  
[    0.000000] found SMP MP-table at [mem 0x0009fff0-0x0009ffff]
[    0.000000] Scanning 1 areas for low memory corruption
[    0.000000] RAMDISK: [mem 0x35a69000-0x36d2bfff]
[    0.000000] ACPI: Early table checksum verification disabled
[    0.000000] ACPI: RSDP 0x00000000000E0000 000024 (v02 VBOX  )
[    0.000000] ACPI: XSDT 0x000000003FFF0030 00003C (v01 VBOX   VBOXXSDT 00000001 ASL  00000061)
[    0.000000] ACPI: FACP 0x000000003FFF00F0 0000F4 (v04 VBOX   VBOXFACP 00000001 ASL  00000061)
[    0.000000] ACPI: DSDT 0x000000003FFF0470 002325 (v02 VBOX   VBOXBIOS 00000002 INTL 20100528)
[    0.000000] ACPI: FACS 0x000000003FFF0200 000040
[    0.000000] ACPI: FACS 0x000000003FFF0200 000040
[    0.000000] ACPI: APIC 0x000000003FFF0240 00005C (v02 VBOX   VBOXAPIC 00000001 ASL  00000061)
[    0.000000] ACPI: SSDT 0x000000003FFF02A0 0001CC (v01 VBOX   VBOXCPUT 00000002 INTL 20100528)
[    0.000000] No NUMA configuration found
[    0.000000] Faking a node at [mem 0x0000000000000000-0x000000003ffeffff]
[    0.000000] NODE_DATA(0) allocated [mem 0x3ffc5000-0x3ffeffff]
[    0.000000] kvm-clock: cpu 0, msr 0:3ff44001, primary cpu clock
[    0.000000] kvm-clock: Using msrs 4b564d01 and 4b564d00
[    0.000000] kvm-clock: using sched offset of 4274955156 cycles
[    0.000000] clocksource: kvm-clock: mask: 0xffffffffffffffff max_cycles: 0x1cd42e4dffb, max_idle_ns: 881590591483 ns
[    0.000000] Zone ranges:
[    0.000000]   DMA      [mem 0x0000000000001000-0x0000000000ffffff]
[    0.000000]   DMA32    [mem 0x0000000001000000-0x000000003ffeffff]
[    0.000000]   Normal   empty
[    0.000000]   Device   empty
[    0.000000] Movable zone start for each node
[    0.000000] Early memory node ranges
[    0.000000]   node   0: [mem 0x0000000000001000-0x000000000009efff]
[    0.000000]   node   0: [mem 0x0000000000100000-0x000000003ffeffff]
[    0.000000] Reserved but unavailable: 98 pages
[    0.000000] Initmem setup node 0 [mem 0x0000000000001000-0x000000003ffeffff]
[    0.000000] ACPI: PM-Timer IO Port: 0x4008
[    0.000000] IOAPIC[0]: apic_id 2, version 32, address 0xfec00000, GSI 0-23
[    0.000000] ACPI: INT_SRC_OVR (bus 0 bus_irq 0 global_irq 2 dfl dfl)
[    0.000000] ACPI: INT_SRC_OVR (bus 0 bus_irq 9 global_irq 9 low level)
[    0.000000] Using ACPI (MADT) for SMP configuration information
[    0.000000] smpboot: Allowing 2 CPUs, 0 hotplug CPUs
[    0.000000] PM: Registered nosave memory: [mem 0x00000000-0x00000fff]
[    0.000000] PM: Registered nosave memory: [mem 0x0009f000-0x0009ffff]
[    0.000000] PM: Registered nosave memory: [mem 0x000a0000-0x000effff]
[    0.000000] PM: Registered nosave memory: [mem 0x000f0000-0x000fffff]
[    0.000000] e820: [mem 0x40000000-0xfebfffff] available for PCI devices
[    0.000000] Booting paravirtualized kernel on KVM
[    0.000000] clocksource: refined-jiffies: mask: 0xffffffff max_cycles: 0xffffffff, max_idle_ns: 7645519600211568 ns
[    0.000000] random: get_random_bytes called from start_kernel+0x99/0x500 with crng_init=0
[    0.000000] setup_percpu: NR_CPUS:8192 nr_cpumask_bits:2 nr_cpu_ids:2 nr_node_ids:1
[    0.000000] percpu: Embedded 45 pages/cpu s147456 r8192 d28672 u1048576
[    0.000000] PV qspinlock hash table entries: 256 (order: 0, 4096 bytes)
[    0.000000] Built 1 zonelists, mobility grouping on.  Total pages: 257913
[    0.000000] Policy zone: DMA32
[    0.000000] Kernel command line: BOOT_IMAGE=/boot/vmlinuz-4.15.0-109-generic root=LABEL=cloudimg-rootfs ro console=tty1 console=ttyS0
[    0.000000] Memory: 983040K/1048120K available (12300K kernel code, 2481K rwdata, 4272K rodata, 2436K init, 2720K bss, 65080K reserved, 0K cma-reserved)
[    0.000000] SLUB: HWalign=64, Order=0-3, MinObjects=0, CPUs=2, Nodes=1
[    0.000000] Kernel/User page tables isolation: enabled
[    0.000000] ftrace: allocating 39378 entries in 154 pages
[    0.004000] Hierarchical RCU implementation.
[    0.004000] 	RCU restricting CPUs from NR_CPUS=8192 to nr_cpu_ids=2.
[    0.004000] 	Tasks RCU enabled.
[    0.004000] RCU: Adjusting geometry for rcu_fanout_leaf=16, nr_cpu_ids=2
[    0.004000] NR_IRQS: 524544, nr_irqs: 440, preallocated irqs: 16
[    0.004000] Console: colour VGA+ 80x25
[    0.004000] console [tty1] enabled
[    0.004000] console [ttyS0] enabled
[    0.004000] ACPI: Core revision 20170831
[    0.004000] ACPI: 2 ACPI AML tables successfully acquired and loaded
[    0.004000] APIC: Switch to symmetric I/O mode setup
[    0.004000] x2apic enabled
[    0.004000] Switched APIC routing to physical x2apic.
[    0.004000] ..TIMER: vector=0x30 apic1=0 pin1=2 apic2=-1 pin2=-1
[    0.004000] tsc: Detected 2712.006 MHz processor
[    0.004010] Calibrating delay loop (skipped) preset value.. 5424.01 BogoMIPS (lpj=10848024)
[    0.005130] pid_max: default: 32768 minimum: 301
[    0.005838] Security Framework initialized
[    0.006410] Yama: becoming mindful.
[    0.007024] AppArmor: AppArmor initialized
[    0.009289] Dentry cache hash table entries: 131072 (order: 8, 1048576 bytes)
[    0.011242] Inode-cache hash table entries: 65536 (order: 7, 524288 bytes)
[    0.012053] Mount-cache hash table entries: 2048 (order: 2, 16384 bytes)
[    0.013631] Mountpoint-cache hash table entries: 2048 (order: 2, 16384 bytes)
[    0.016638] Last level iTLB entries: 4KB 128, 2MB 8, 4MB 8
[    0.017858] Last level dTLB entries: 4KB 64, 2MB 0, 4MB 0, 1GB 4
[    0.018809] Spectre V1 : Mitigation: usercopy/swapgs barriers and __user pointer sanitization
[    0.020007] Spectre V2 : Mitigation: Full generic retpoline
[    0.021055] Spectre V2 : Spectre v2 / SpectreRSB mitigation: Filling RSB on context switch
[    0.022536] Speculative Store Bypass: Vulnerable
[    0.024070] SRBDS: Unknown: Dependent on hypervisor status
[    0.024940] MDS: Vulnerable: Clear CPU buffers attempted, no microcode
[    0.026081] Freeing SMP alternatives memory: 36K
[    0.137001] smpboot: CPU0: Intel(R) Core(TM) i5-6400 CPU @ 2.70GHz (family: 0x6, model: 0x5e, stepping: 0x3)
[    0.139302] Performance Events: unsupported p6 CPU model 94 no PMU driver, software events only.
[    0.140000] Hierarchical SRCU implementation.
[    0.140591] NMI watchdog: Perf event create on CPU 0 failed with -2
[    0.141685] NMI watchdog: Perf NMI watchdog permanently disabled
[    0.142897] smp: Bringing up secondary CPUs ...
[    0.144111] x86: Booting SMP configuration:
[    0.144834] .... node  #0, CPUs:      #1
[    0.004000] kvm-clock: cpu 1, msr 0:3ff44041, secondary cpu clock
[    0.148019] smp: Brought up 1 node, 2 CPUs
[    0.148897] smpboot: Max logical packages: 1
[    0.150001] smpboot: Total of 2 processors activated (10848.02 BogoMIPS)
[    0.152140] devtmpfs: initialized
[    0.152603] x86/mm: Memory block size: 128MB
[    0.153535] evm: security.selinux
[    0.154074] evm: security.SMACK64
[    0.154552] evm: security.SMACK64EXEC
[    0.156003] evm: security.SMACK64TRANSMUTE
[    0.156711] evm: security.SMACK64MMAP
[    0.157610] evm: security.apparmor
[    0.158142] evm: security.ima
[    0.158649] evm: security.capability
[    0.159324] clocksource: jiffies: mask: 0xffffffff max_cycles: 0xffffffff, max_idle_ns: 7645041785100000 ns
[    0.160008] futex hash table entries: 512 (order: 3, 32768 bytes)
[    0.164027] pinctrl core: initialized pinctrl subsystem
[    0.164881] RTC time:  1:52:32, date: 07/09/20
[    0.165673] NET: Registered protocol family 16
[    0.166366] audit: initializing netlink subsys (disabled)
[    0.167173] audit: type=2000 audit(1594259558.626:1): state=initialized audit_enabled=0 res=1
[    0.168011] cpuidle: using governor ladder
[    0.168618] cpuidle: using governor menu
[    0.169217] ACPI: bus type PCI registered
[    0.169861] acpiphp: ACPI Hot Plug PCI Controller Driver version: 0.5
[    0.170843] PCI: Using configuration type 1 for base access
[    0.173007] HugeTLB registered 2.00 MiB page size, pre-allocated 0 pages
[    0.176082] ACPI: Added _OSI(Module Device)
[    0.176969] ACPI: Added _OSI(Processor Device)
[    0.176969] ACPI: Added _OSI(3.0 _SCP Extensions)
[    0.176969] ACPI: Added _OSI(Processor Aggregator Device)
[    0.177620] ACPI: Added _OSI(Linux-Dell-Video)
[    0.178238] ACPI: Added _OSI(Linux-Lenovo-NV-HDMI-Audio)
[    0.180002] ACPI: Added _OSI(Linux-HPI-Hybrid-Graphics)
[    0.180283] ACPI: Executed 1 blocks of module-level executable AML code
[    0.184474] ACPI: Interpreter enabled
[    0.185019] ACPI: (supports S0 S5)
[    0.185523] ACPI: Using IOAPIC for interrupt routing
[    0.186437] PCI: Using host bridge windows from ACPI; if necessary, use "pci=nocrs" and report a bug
[    0.187845] ACPI: Enabled 2 GPEs in block 00 to 07
[    0.194276] ACPI: PCI Root Bridge [PCI0] (domain 0000 [bus 00-ff])
[    0.195314] acpi PNP0A03:00: _OSC: OS supports [ASPM ClockPM Segments MSI]
[    0.196483] acpi PNP0A03:00: _OSC: not requesting OS control; OS requires [ExtendedConfig ASPM ClockPM MSI]
[    0.197913] acpi PNP0A03:00: fail to add MMCONFIG information, can't access extended PCI configuration space under this bridge.
[    0.200402] PCI host bridge to bus 0000:00
[    0.200990] pci_bus 0000:00: root bus resource [io  0x0000-0x0cf7 window]
[    0.201917] pci_bus 0000:00: root bus resource [io  0x0d00-0xffff window]
[    0.202844] pci_bus 0000:00: root bus resource [mem 0x000a0000-0x000bffff window]
[    0.204003] pci_bus 0000:00: root bus resource [mem 0x40000000-0xfdffffff window]
[    0.205313] pci_bus 0000:00: root bus resource [bus 00-ff]
[    0.208238] pci 0000:00:01.1: legacy IDE quirk: reg 0x10: [io  0x01f0-0x01f7]
[    0.209253] pci 0000:00:01.1: legacy IDE quirk: reg 0x14: [io  0x03f6]
[    0.210111] pci 0000:00:01.1: legacy IDE quirk: reg 0x18: [io  0x0170-0x0177]
[    0.211731] pci 0000:00:01.1: legacy IDE quirk: reg 0x1c: [io  0x0376]
[    0.228101] pci 0000:00:07.0: quirk: [io  0x4000-0x403f] claimed by PIIX4 ACPI
[    0.229412] pci 0000:00:07.0: quirk: [io  0x4100-0x410f] claimed by PIIX4 SMB
[    0.236070] ACPI: PCI Interrupt Link [LNKA] (IRQs 5 9 10 *11)
[    0.237591] ACPI: PCI Interrupt Link [LNKB] (IRQs 5 9 *10 11)
[    0.239162] ACPI: PCI Interrupt Link [LNKC] (IRQs 5 *9 10 11)
[    0.240089] ACPI: PCI Interrupt Link [LNKD] (IRQs 5 9 10 *11)
[    0.241446] SCSI subsystem initialized
[    0.242125] pci 0000:00:02.0: vgaarb: setting as boot VGA device
[    0.244001] pci 0000:00:02.0: vgaarb: VGA device added: decodes=io+mem,owns=io+mem,locks=none
[    0.244009] pci 0000:00:02.0: vgaarb: bridge control possible
[    0.245125] vgaarb: loaded
[    0.245719] ACPI: bus type USB registered
[    0.246371] usbcore: registered new interface driver usbfs
[    0.247266] usbcore: registered new interface driver hub
[    0.248021] usbcore: registered new device driver usb
[    0.249001] EDAC MC: Ver: 3.0.0
[    0.249001] PCI: Using ACPI for IRQ routing
[    0.252001] NetLabel: Initializing
[    0.252003] NetLabel:  domain hash size = 128
[    0.252633] NetLabel:  protocols = UNLABELED CIPSOv4 CALIPSO
[    0.253427] NetLabel:  unlabeled traffic allowed by default
[    0.256006] clocksource: Switched to clocksource kvm-clock
[    0.274337] VFS: Disk quotas dquot_6.6.0
[    0.274944] VFS: Dquot-cache hash table entries: 512 (order 0, 4096 bytes)
[    0.275963] AppArmor: AppArmor Filesystem Enabled
[    0.276719] pnp: PnP ACPI init
[    0.278184] pnp: PnP ACPI: found 3 devices
[    0.284311] clocksource: acpi_pm: mask: 0xffffff max_cycles: 0xffffff, max_idle_ns: 2085701024 ns
[    0.285891] NET: Registered protocol family 2
[    0.286801] TCP established hash table entries: 8192 (order: 4, 65536 bytes)
[    0.288033] TCP bind hash table entries: 8192 (order: 5, 131072 bytes)
[    0.291364] TCP: Hash tables configured (established 8192 bind 8192)
[    0.292355] UDP hash table entries: 512 (order: 2, 16384 bytes)
[    0.293234] UDP-Lite hash table entries: 512 (order: 2, 16384 bytes)
[    0.294214] NET: Registered protocol family 1
[    0.294875] pci 0000:00:00.0: Limiting direct PCI/PCI transfers
[    0.295737] pci 0000:00:01.0: Activating ISA DMA hang workarounds
[    0.296712] pci 0000:00:02.0: Video device with shadowed ROM at [mem 0x000c0000-0x000dffff]
[    0.297988] Unpacking initramfs...
[    0.635488] Freeing initrd memory: 19212K
[    0.636279] clocksource: tsc: mask: 0xffffffffffffffff max_cycles: 0x27178c274f7, max_idle_ns: 440795238189 ns
[    0.637658] platform rtc_cmos: registered platform RTC device (no PNP device found)
[    0.638735] Scanning for low memory corruption every 60 seconds
[    0.640170] Initialise system trusted keyrings
[    0.640799] Key type blacklist registered
[    0.641432] workingset: timestamp_bits=36 max_order=18 bucket_order=0
[    0.643156] zbud: loaded
[    0.644209] squashfs: version 4.0 (2009/01/31) Phillip Lougher
[    0.645133] fuse init (API version 7.26)
[    0.647243] Key type asymmetric registered
[    0.647820] Asymmetric key parser 'x509' registered
[    0.648664] Block layer SCSI generic (bsg) driver version 0.4 loaded (major 246)
[    0.649844] io scheduler noop registered
[    0.650709] io scheduler deadline registered
[    0.651588] io scheduler cfq registered (default)
[    0.652978] ACPI: AC Adapter [AC] (on-line)
[    0.653804] input: Power Button as /devices/LNXSYSTM:00/LNXPWRBN:00/input/input0
[    0.655368] ACPI: Power Button [PWRF]
[    0.656348] input: Sleep Button as /devices/LNXSYSTM:00/LNXSLPBN:00/input/input1
[    0.657881] ACPI: Sleep Button [SLPF]
[    0.658949] Serial: 8250/16550 driver, 32 ports, IRQ sharing enabled
[    0.680914] 00:02: ttyS0 at I/O 0x3f8 (irq = 4, base_baud = 115200) is a 16550A
[    0.683297] Linux agpgart interface v0.103
[    0.685197] loop: module loaded
[    0.686396] scsi host0: ata_piix
[    0.687563] scsi host1: ata_piix
[    0.688248] ata1: PATA max UDMA/33 cmd 0x1f0 ctl 0x3f6 bmdma 0xd000 irq 14
[    0.689763] ata2: PATA max UDMA/33 cmd 0x170 ctl 0x376 bmdma 0xd008 irq 15
[    0.691427] libphy: Fixed MDIO Bus: probed
[    0.692016] tun: Universal TUN/TAP device driver, 1.6
[    0.693127] PPP generic driver version 2.4.2
[    0.694018] ehci_hcd: USB 2.0 'Enhanced' Host Controller (EHCI) Driver
[    0.695245] ehci-pci: EHCI PCI platform driver
[    0.696038] ehci-platform: EHCI generic platform driver
[    0.697143] ohci_hcd: USB 1.1 'Open' Host Controller (OHCI) Driver
[    0.698098] ohci-pci: OHCI PCI platform driver
[    0.699015] ohci-platform: OHCI generic platform driver
[    0.699861] uhci_hcd: USB Universal Host Controller Interface driver
[    0.700867] i8042: PNP: PS/2 Controller [PNP0303:PS2K,PNP0f03:PS2M] at 0x60,0x64 irq 1,12
[    0.702814] serio: i8042 KBD port at 0x60,0x64 irq 1
[    0.703764] serio: i8042 AUX port at 0x60,0x64 irq 12
[    0.704848] mousedev: PS/2 mouse device common for all mice
[    0.706377] input: AT Translated Set 2 keyboard as /devices/platform/i8042/serio0/input/input2
[    0.707988] rtc_cmos rtc_cmos: rtc core: registered rtc_cmos as rtc0
[    0.708973] rtc_cmos rtc_cmos: alarms up to one day, 114 bytes nvram
[    0.709850] i2c /dev entries driver
[    0.710417] device-mapper: uevent: version 1.0.3
[    0.711158] device-mapper: ioctl: 4.37.0-ioctl (2017-09-20) initialised: dm-devel@redhat.com
[    0.712371] ledtrig-cpu: registered to indicate activity on CPUs
[    0.713765] NET: Registered protocol family 10
[    0.718137] Segment Routing with IPv6
[    0.718820] NET: Registered protocol family 17
[    0.719893] Key type dns_resolver registered
[    0.720916] mce: Using 0 MCE banks
[    0.721562] RAS: Correctable Errors collector initialized.
[    0.722621] sched_clock: Marking stable (720843416, 0)->(866233571, -145390155)
[    0.724653] registered taskstats version 1
[    0.725243] Loading compiled-in X.509 certificates
[    0.728231] Loaded X.509 cert 'Build time autogenerated kernel key: 495c641868e7df5e32bc382f03c4f4fc9cad4e78'
[    0.729863] zswap: loaded using pool lzo/zbud
[    0.733447] Key type big_key registered
[    0.734200] Key type trusted registered
[    0.736485] Key type encrypted registered
[    0.737216] AppArmor: AppArmor sha1 policy hashing enabled
[    0.738079] ima: No TPM chip found, activating TPM-bypass! (rc=-19)
[    0.739824] ima: Allocated hash algorithm: sha1
[    0.740707] evm: HMAC attrs: 0x1
[    0.741393]   Magic number: 12:124:862
[    0.742104] rtc_cmos rtc_cmos: setting system clock to 2020-07-09 01:52:33 UTC (1594259553)
[    0.743412] BIOS EDD facility v0.16 2004-Jun-25, 0 devices found
[    0.744471] EDD information not available.
[    0.876779] Freeing unused kernel image memory: 2436K
[    0.888097] Write protecting the kernel read-only data: 20480k
[    0.889668] Freeing unused kernel image memory: 2008K
[    0.891481] Freeing unused kernel image memory: 1872K
[    0.898386] x86/mm: Checked W+X mappings: passed, no W+X pages found.
[    0.899508] x86/mm: Checking user space page tables
[    0.906245] x86/mm: Checked W+X mappings: passed, no W+X pages found.
Loading, please wait...
starting version 237
[    0.974972] e1000: Intel(R) PRO/1000 Network Driver - version 7.3.21-k8-NAPI
[    0.976297] e1000: Copyright (c) 1999-2006 Intel Corporation.
[    0.981922] Fusion MPT base driver 3.04.20
[    0.982866] Copyright (c) 1999-2008 LSI Corporation
[    1.011432] AVX2 version of gcm_enc/dec engaged.
[    1.012804] AES CTR mode by8 optimization enabled
[    1.021222] Fusion MPT SPI Host driver 3.04.20
[    1.197449] input: ImExPS/2 Generic Explorer Mouse as /devices/platform/i8042/serio1/input/input4
[    1.385018] e1000 0000:00:03.0 eth0: (PCI:33MHz:32-bit) 02:12:97:df:f3:54
[    1.386272] e1000 0000:00:03.0 eth0: Intel(R) PRO/1000 Network Connection
[    1.388551] mptbase: ioc0: Initiating bringup
[    1.390385] e1000 0000:00:03.0 enp0s3: renamed from eth0
[    1.484403] ioc0: LSI53C1030 A0: Capabilities={Initiator}
[    1.733246] scsi host2: ioc0: LSI53C1030 A0, FwRev=00000000h, Ports=1, MaxQ=256, IRQ=20
[    1.905629] scsi 2:0:0:0: Direct-Access     VBOX     HARDDISK         1.0  PQ: 0 ANSI: 5
[    2.663386] scsi target2:0:0: Beginning Domain Validation
[    2.670117] scsi target2:0:0: Domain Validation skipping write tests
[    2.674267] scsi target2:0:0: Ending Domain Validation
[    2.677551] scsi target2:0:0: asynchronous
[    2.682092] scsi 2:0:1:0: Direct-Access     VBOX     HARDDISK         1.0  PQ: 0 ANSI: 5
[    3.296149] scsi target2:0:1: Beginning Domain Validation
[    3.298112] random: fast init done
[    3.298969] scsi target2:0:1: Domain Validation skipping write tests
[    3.300114] scsi target2:0:1: Ending Domain Validation
[    3.301192] scsi target2:0:1: asynchronous
[    3.305641] random: systemd-udevd: uninitialized urandom read (16 bytes read)
[    3.305865] sd 2:0:0:0: [sda] 20971520 512-byte logical blocks: (10.7 GB/10.0 GiB)
[    3.307031] random: systemd-udevd: uninitialized urandom read (16 bytes read)
[    3.310279] sd 2:0:0:0: [sda] Write Protect is off
[    3.311284] random: systemd-udevd: uninitialized urandom read (16 bytes read)
[    3.315103] sd 2:0:0:0: Attached scsi generic sg0 type 0
[    3.315283] sd 2:0:0:0: [sda] Incomplete mode parameter data
[    3.317292] sd 2:0:0:0: [sda] Assuming drive cache: write through
[    3.319185] sd 2:0:1:0: [sdb] 20480 512-byte logical blocks: (10.5 MB/10.0 MiB)
[    3.319415] sd 2:0:1:0: Attached scsi generic sg1 type 0
[    3.328104] sd 2:0:1:0: [sdb] Write Protect is off
[    3.330120] sd 2:0:1:0: [sdb] Incomplete mode parameter data
[    3.331552] sd 2:0:1:0: [sdb] Assuming drive cache: write through
[    3.333851]  sda: sda1
[    3.335089] sd 2:0:1:0: [sdb] Attached SCSI disk
[    3.337033] sd 2:0:0:0: [sda] Attached SCSI disk
Begin: Loading essential drivers ... [    4.792125] raid6: sse2x1   gen()  9861 MB/s
[    4.840102] raid6: sse2x1   xor()  7473 MB/s
[    4.888198] raid6: sse2x2   gen() 11827 MB/s
[    4.936068] raid6: sse2x2   xor()  7068 MB/s
[    4.984173] raid6: sse2x4   gen() 12343 MB/s
[    5.032130] raid6: sse2x4   xor()  7829 MB/s
[    5.080138] raid6: avx2x1   gen() 19324 MB/s
[    5.128130] raid6: avx2x1   xor() 13717 MB/s
[    5.176085] raid6: avx2x2   gen() 20272 MB/s
[    5.224061] raid6: avx2x2   xor() 14494 MB/s
[    5.272071] raid6: avx2x4   gen() 23957 MB/s
[    5.320110] raid6: avx2x4   xor() 13713 MB/s
[    5.320936] raid6: using algorithm avx2x4 gen() 23957 MB/s
[    5.321881] raid6: .... xor() 13713 MB/s, rmw enabled
[    5.322817] raid6: using avx2x2 recovery algorithm
[    5.325328] xor: automatically using best checksumming function   avx       
[    5.328178] async_tx: api initialized (async)
done.
Begin: Running /scripts/init-premount ... done.
Begin: Mounting root file system ... Begin: Running /scripts/local-top ... done.
Begin: Running /scripts/local-premount ... [    5.376451] Btrfs loaded, crc32c=crc32c-intel
Scanning for Btrfs filesystems
done.
Warning: fsck not present, so skipping root file system
[    5.401027] EXT4-fs (sda1): INFO: recovery required on readonly filesystem
[    5.401941] EXT4-fs (sda1): write access will be enabled during recovery
[    5.627237] EXT4-fs (sda1): orphan cleanup on readonly fs
[    5.653216] EXT4-fs (sda1): 27 orphan inodes deleted
[    5.654525] EXT4-fs (sda1): recovery complete
[    5.662972] EXT4-fs (sda1): mounted filesystem with ordered data mode. Opts: (null)
done.
Begin: Running /scripts/local-bottom ... done.
Begin: Running /scripts/init-bottom ... done.
[    5.851929] ip_tables: (C) 2000-2006 Netfilter Core Team
[    5.862781] systemd[1]: systemd 237 running in system mode. (+PAM +AUDIT +SELINUX +IMA +APPARMOR +SMACK +SYSVINIT +UTMP +LIBCRYPTSETUP +GCRYPT +GNUTLS +ACL +XZ +LZ4 +SECCOMP +BLKID +ELFUTILS +KMOD -IDN2 +IDN -PCRE2 default-hierarchy=hybrid)
[    5.866624] systemd[1]: Detected virtualization oracle.
[    5.867598] systemd[1]: Detected architecture x86-64.

Welcome to [1mUbuntu 18.04.4 LTS[0m!

[    5.873414] systemd[1]: Set hostname to <ubuntu-bionic>.
[    6.169640] systemd[1]: Created slice User and Session Slice.
[[0;32m  OK  [0m] Created slice User and Session Slice.
[    6.171443] systemd[1]: Reached target Swap.
[[0;32m  OK  [0m] Reached target Swap.
[    6.173127] systemd[1]: Reached target System Time Synchronized.
[[0;32m  OK  [0m] Reached target System Time Synchronized.
[    6.175194] systemd[1]: Set up automount Arbitrary Executable File Formats File System Automount Point.
[[0;32m  OK  [0m] Set up automount Arbitrary Executabâ€¦rmats File System Automount Point.
[    6.178238] systemd[1]: Started Forward Password Requests to Wall Directory Watch.
[[0;32m  OK  [0m] Started Forward Password Requests to Wall Directory Watch.
[    6.181028] systemd[1]: Created slice System Slice.
[[0;32m  OK  [0m] Created slice System Slice.
[[0;32m  OK  [0m] Listening on udev Kernel Socket.
[[0;32m  OK  [0m] Listening on Journal Socket (/dev/log).
[[0;32m  OK  [0m] Listening on LVM2 metadata daemon socket.
[[0;32m  OK  [0m] Listening on udev Control Socket.
[[0;32m  OK  [0m] Listening on Syslog Socket.
[[0;32m  OK  [0m] Listening on Device-mapper event daemon FIFOs.
[[0;32m  OK  [0m] Created slice system-serial\x2dgetty.slice.
[[0;32m  OK  [0m] Listening on /dev/initctl Compatibility Named Pipe.
[[0;32m  OK  [0m] Listening on LVM2 poll daemon socket.
[[0;32m  OK  [0m] Listening on Network Service Netlink Socket.
[[0;32m  OK  [0m] Reached target Slices.
[[0;32m  OK  [0m] Listening on Journal Socket.
         Mounting Huge Pages File System...
         Starting Load Kernel Modules...
         Starting Monitoring of LVM2 mirrorsâ€¦ng dmeventd or progress polling...
         Starting Uncomplicated firewall...
         Mounting POSIX Message Queue File System...
         Starting Create list of required stâ€¦ce nodes for the current kernel...
[    6.607691] Loading iSCSI transport class v2.0-870.
         Starting Remount Root and Kernel File Systems...
[    6.620673] iscsi: registered transport (tcp)
         Starting Set the console keyboard layout...
         Mounting Kernel Debug File System...
         Starting udev Coldplug all Devices...
[[0;32m  OK  [0m] Reached target User and Group Name Lookups.
[[0;32m  OK  [0m] Listening on Journal Audit Socket.
[    6.696742] iscsi: registered transport (iser)
         Starting Journal Service...
[[0;32m  OK  [0m] Mounted Huge Pages File System.
[[0;32m  OK  [0m] Started Load Kernel Modules.
[    6.711187] EXT4-fs (sda1): re-mounted. Opts: (null)
[[0;32m  OK  [0m] Started Uncomplicated firewall.
[[0;32m  OK  [0m] Mounted POSIX Message Queue File System.
[[0;32m  OK  [0m] Started Create list of required staâ€¦vice nodes for the current kernel.
[[0;32m  OK  [0m] Started Remount Root and Kernel File Systems.
[[0;32m  OK  [0m] Mounted Kernel Debug File System.
[[0;32m  OK  [0m] Started LVM2 metadata daemon.
         Starting Load/Save Random Seed...
         Starting Create Static Device Nodes in /dev...
         Starting Apply Kernel Variables...
         Mounting FUSE Control File System...
         Mounting Kernel Configuration File System...
[[0;32m  OK  [0m] Started Journal Service.
[[0;32m  OK  [0m] Started Load/Save Random Seed.
[[0;32m  OK  [0m] Started udev Coldplug all Devices.
[[0;32m  OK  [0m] Started Create Static Device Nodes in /dev.
[[0;32m  OK  [0m] Mounted FUSE Control File System.
[[0;32m  OK  [0m] Mounted Kernel Configuration File System.
         Starting udev Kernel Device Manager...
         Starting Flush Journal to Persistent Storage...
[[0;32m  OK  [0m] Started Set the console keyboard layout.
[[0;32m  OK  [0m] Started udev Kernel Device Manager.
[[0;32m  OK  [0m] Started Dispatch Password Requests to Console Directory Watch.
[[0;32m  OK  [0m] Reached target Local Encrypted Volumes.
[[0;32m  OK  [0m] Started Apply Kernel Variables.
[[0;32m  OK  [0m] Started Monitoring of LVM2 mirrors,â€¦sing dmeventd or progress polling.
[[0;32m  OK  [0m] Reached target Local File Systems (Pre).
[[0;32m  OK  [0m] Reached target Local File Systems.
         Starting ebtables ruleset management...
         Starting AppArmor initialization...
         Starting Set console font and keymap...
         Starting Tell Plymouth To Write Out Runtime Data...
[[0;32m  OK  [0m] Started Flush Journal to Persistent Storage.
         Starting Create Volatile Files and Directories...
[[0;32m  OK  [0m] Started Set console font and keymap.
[[0;32m  OK  [0m] Started Tell Plymouth To Write Out Runtime Data.
[[0;32m  OK  [0m] Started Create Volatile Files and Directories.
         Starting Update UTMP about System Boot/Shutdown...
[[0;32m  OK  [0m] Started Update UTMP about System Boot/Shutdown.
[[0;32m  OK  [0m] Started ebtables ruleset management.
[[0;32m  OK  [0m] Found device /dev/ttyS0.
[[0;32m  OK  [0m] Listening on Load/Save RF Kill Switch Status /dev/rfkill Watch.
[[0;32m  OK  [0m] Started AppArmor initialization.
         Starting Initial cloud-init job (pre-networking)...
[    8.374858] cloud-init[530]: Cloud-init v. 19.4-33-gbb4131a2-0ubuntu1~18.04.1 running 'init-local' at Thu, 09 Jul 2020 01:52:40 +0000. Up 8.17 seconds.
[[0;32m  OK  [0m] Started Initial cloud-init job (pre-networking).
[[0;32m  OK  [0m] Reached target Network (Pre).
         Starting Network Service...
[[0;32m  OK  [0m] Started Network Service.
         Starting Wait for Network to be Configured...
         Starting Network Name Resolution...
[[0;32m  OK  [0m] Started Network Name Resolution.
[[0;32m  OK  [0m] Reached target Network.
[[0;32m  OK  [0m] Reached target Host and Network Name Lookups.
[[0;32m  OK  [0m] Started Wait for Network to be Configured.
         Starting Initial cloud-init job (metadata service crawler)...
[   11.088729] cloud-init[654]: Cloud-init v. 19.4-33-gbb4131a2-0ubuntu1~18.04.1 running 'init' at Thu, 09 Jul 2020 01:52:43 +0000. Up 10.94 seconds.
[   11.089950] cloud-init[654]: ci-info: ++++++++++++++++++++++++++++++++++++++Net device info++++++++++++++++++++++++++++++++++++++
[   11.091103] cloud-init[654]: ci-info: +--------+------+----------------------------+---------------+--------+-------------------+
[   11.092338] cloud-init[654]: ci-info: | Device |  Up  |          Address           |      Mask     | Scope  |     Hw-Address    |
[   11.093500] cloud-init[654]: ci-info: +--------+------+----------------------------+---------------+--------+-------------------+
[   11.094657] cloud-init[654]: ci-info: | enp0s3 | True |         10.0.2.15          | 255.255.255.0 | global | 02:12:97:df:f3:54 |
[   11.095807] cloud-init[654]: ci-info: | enp0s3 | True | fe80::12:97ff:fedf:f354/64 |       .       |  link  | 02:12:97:df:f3:54 |
[   11.097436] cloud-init[654]: ci-info: |   lo   | True |         127.0.0.1          |   255.0.0.0   |  host  |         .         |
[   11.098681] cloud-init[654]: ci-info: |   lo   | True |          ::1/128           |       .       |  host  |         .         |
[   11.099932] cloud-init[654]: ci-info: +--------+------+----------------------------+---------------+--------+-------------------+
[   11.112261] cloud-init[654]: ci-info: ++++++++++++++++++++++++++++Route IPv4 info+++++++++++++++++++++++++++++
[   11.124347] cloud-init[654]: ci-info: +-------+-------------+----------+-----------------+-----------+-------+
[   11.136400] cloud-init[654]: ci-info: | Route | Destination | Gateway  |     Genmask     | Interface | Flags |
[   11.138829] cloud-init[654]: ci-info: +-------+-------------+----------+-----------------+-----------+-------+
[   11.139743] cloud-init[654]: ci-info: |   0   |   0.0.0.0   | 10.0.2.2 |     0.0.0.0     |   enp0s3  |   UG  |
[   11.140704] cloud-init[654]: ci-info: |   1   |   10.0.2.0  | 0.0.0.0  |  255.255.255.0  |   enp0s3  |   U   |
[   11.141814] cloud-init[654]: ci-info: |   2   |   10.0.2.2  | 0.0.0.0  | 255.255.255.255 |   enp0s3  |   UH  |
[   11.142901] cloud-init[654]: ci-info: +-------+-------------+----------+-----------------+-----------+-------+
[   11.144441] cloud-init[654]: ci-info: +++++++++++++++++++Route IPv6 info+++++++++++++++++++
[   11.145273] cloud-init[654]: ci-info: +-------+-------------+---------+-----------+-------+
[   11.146354] cloud-init[654]: ci-info: | Route | Destination | Gateway | Interface | Flags |
[   11.156344] cloud-init[654]: ci-info: +-------+-------------+---------+-----------+-------+
[   11.156982] cloud-init[654]: ci-info: |   1   |  fe80::/64  |    ::   |   enp0s3  |   U   |
[   11.157932] cloud-init[654]: ci-info: |   3   |    local    |    ::   |   enp0s3  |   U   |
[   11.158805] cloud-init[654]: ci-info: |   4   |   ff00::/8  |    ::   |   enp0s3  |   U   |
[   11.162363] cloud-init[654]: ci-info: +-------+-------------+---------+-----------+-------+
[[0;32m  OK  [0m] Started Initial cloud-init job (metadata service crawler).
[[0;32m  OK  [0m] Reached target Network is Online.
[[0;32m  OK  [0m] Reached target Remote File Systems (Pre).
[[0;32m  OK  [0m] Reached target Remote File Systems.
         Starting Availability of block devices...
[[0;32m  OK  [0m] Reached target Cloud-config availability.
[[0;32m  OK  [0m] Reached target System Initialization.
[[0;32m  OK  [0m] Started Discard unused blocks once a week.
[[0;32m  OK  [0m] Listening on D-Bus System Message Bus Socket.
[[0;32m  OK  [0m] Listening on ACPID Listen Socket.
[[0;32m  OK  [0m] Listening on Open-iSCSI iscsid Socket.
[[0;32m  OK  [0m] Started Daily Cleanup of Temporary Directories.
[[0;32m  OK  [0m] Started Message of the Day.
         Starting Socket activation for snappy daemon.
[[0;32m  OK  [0m] Started ACPI Events Check.
[[0;32m  OK  [0m] Reached target Paths.
         Starting LXD - unix socket.
[[0;32m  OK  [0m] Listening on UUID daemon activation socket.
[[0;32m  OK  [0m] Started Daily apt upgrade and clean activities.
[[0;32m  OK  [0m] Reached target Timers.
[[0;32m  OK  [0m] Started Availability of block devices.
[[0;32m  OK  [0m] Listening on Socket activation for snappy daemon.
[[0;32m  OK  [0m] Listening on LXD - unix socket.
[[0;32m  OK  [0m] Reached target Sockets.
[[0;32m  OK  [0m] Reached target Basic System.
         Starting Permit User Sessions...
[[0;32m  OK  [0m] Started FUSE filesystem for LXC.
[[0;32m  OK  [0m] Started Regular background program processing daemon.
         Starting Message of the Day...
         Starting Virtualbox guest utils...
[[0;32m  OK  [0m] Started D-Bus System Message Bus.
         Starting LXD - container startup/shutdown...
         Starting LSB: Record successful boot for GRUB...
         Starting Accounts Service...
         Starting LSB: automatic crash report generation...
         Starting Login Service...
         Starting OpenBSD Secure Shell server...
         Starting System Logging Service...
         Starting Dispatcher daemon for systemd-networkd...
[[0;32m  OK  [0m] Started irqbalance daemon.
[[0;32m  OK  [0m] Started Deferred execution scheduler.
         Starting Snappy daemon...
[[0;32m  OK  [0m] Started Permit User Sessions.
[[0;32m  OK  [0m] Started OpenBSD Secure Shell server.
[[0;32m  OK  [0m] Started System Logging Service.
[[0;32m  OK  [0m] Started LXD - container startup/shutdown.
[[0;32m  OK  [0m] Started Login Service.
[[0;32m  OK  [0m] Started Unattended Upgrades Shutdown.
         Starting Authorization Manager...
         Starting Hold until boot process finishes up...
         Starting Terminate Plymouth Boot Screen...
[[0;32m  OK  [0m] Started Hold until boot process finishes up.
[[0;32m  OK  [0m] Started Serial Getty on ttyS0.
         Starting Set console scheme...
[[0;32m  OK  [0m] Started Terminate Plymouth Boot Screen.
[[0;32m  OK  [0m] Started Authorization Manager.
[[0;32m  OK  [0m] Started Accounts Service.
[[0;32m  OK  [0m] Started Set console scheme.
[[0;32m  OK  [0m] Created slice system-getty.slice.
[[0;32m  OK  [0m] Started Getty on tty1.
[[0;32m  OK  [0m] Reached target Login Prompts.
[[0;32m  OK  [0m] Started Virtualbox guest utils.
[[0;32m  OK  [0m] Started LSB: Record successful boot for GRUB.
[[0;32m  OK  [0m] Started LSB: automatic crash report generation.
[[0;32m  OK  [0m] Created slice User Slice of vagrant.
         Starting User Manager for UID 1000...
[[0;32m  OK  [0m] Started Session 1 of user vagrant.
[[0;32m  OK  [0m] Started Dispatcher daemon for systemd-networkd.
[[0;32m  OK  [0m] Started User Manager for UID 1000.
[[0;32m  OK  [0m] Started Snappy daemon.
         Starting Wait until snapd is fully seeded...
[[0;32m  OK  [0m] Started Wait until snapd is fully seeded.
         Starting Apply the settings specified in cloud-config...
[[0;32m  OK  [0m] Reached target Multi-User System.
[[0;32m  OK  [0m] Reached target Graphical Interface.
         Starting Update UTMP about System Runlevel Changes...
[[0;32m  OK  [0m] Started Update UTMP about System Runlevel Changes.
[   13.341399] cloud-init[1111]: Cloud-init v. 19.4-33-gbb4131a2-0ubuntu1~18.04.1 running 'modules:config' at Thu, 09 Jul 2020 01:52:45 +0000. Up 13.23 seconds.
[[0;32m  OK  [0m] Started Apply the settings specified in cloud-config.
         Starting Execute cloud user/final scripts...
[   13.900501] cloud-init[1190]: Cloud-init v. 19.4-33-gbb4131a2-0ubuntu1~18.04.1 running 'modules:final' at Thu, 09 Jul 2020 01:52:46 +0000. Up 13.79 seconds.
[   13.902028] cloud-init[1190]: Cloud-init v. 19.4-33-gbb4131a2-0ubuntu1~18.04.1 finished at Thu, 09 Jul 2020 01:52:46 +0000. Datasource DataSourceNoCloud [seed=/dev/sdb][dsmode=net].  Up 13.89 seconds
[[0;32m  OK  [0m] Started Message of the Day.
[[0;32m  OK  [0m] Started Execute cloud user/final scripts.
[[0;32m  OK  [0m] Reached target Cloud-init target.

Ubuntu 18.04.4 LTS ubuntu-bionic ttyS0

ubuntu-bionic login: 